Microchip MPLAB XC8 Compiler V2.35

Linker command line:

-W-3 --edf=/opt/microchip/xc8/v2.35/pic/dat/en_msgs.txt -cn \
  -h+dist/default/production/mbmc_modbus.X.production.sym \
  --cmf=dist/default/production/mbmc_modbus.X.production.cmf -z -Q18F1320 \
  -o/tmp/xcXfgmfLe --defsym=__MPLAB_BUILD=1 \
  -Mdist/default/production/mbmc_modbus.X.production.map \
  --md=/tmp/xcXOPECmO.dat -E1 -ver=XC8 Compiler --acfsm=1493 \
  -ACODE=00h-01FFFh -ACONST=00h-01FFFh -ASMALLCONST=0100h-01FFhx31 \
  -AMEDIUMCONST=0100h-01FFFh -ACOMRAM=01h-07Fh -AABS1=00h-0FFh \
  -ABIGRAM=01h-0FFh -ARAM=080h-0FFh -ABANK0=080h-0FFh -ASFR=0F80h-0FFFh \
  -ABIGSFR=0F80h-0FFFh -ACONFIG=0300000h-030000Dh -AIDLOC=0200000h-0200007h \
  -AEEDATA=0F00000h-0F000FFh -peeprom_data=EEDATA \
  -preset_vec=00h,intcode=08h,intcodelo,powerup,init -pramtop=0100h \
  -psmallconst=SMALLCONST -pmediumconst=MEDIUMCONST -pconst=CONST \
  -AFARRAM=00h-00h \
  -prdata=COMRAM,nvrram=COMRAM,nvbit=COMRAM,rbss=COMRAM,rbit=COMRAM \
  -pfarbss=FARRAM,fardata=FARRAM,nvFARRAM=FARRAM \
  -pintsave_regs=BIGRAM,bigbss=BIGRAM,bigdata=BIGRAM -pbss=RAM \
  -pidata=CODE,irdata=CODE,ibigdata=CODE,ifardata=CODE -prparam=COMRAM \
  /tmp/xcXlHggOH.o dist/default/production/mbmc_modbus.X.production.o 

Object code version is 3.11

Machine type is 18F1320



                Name                               Link     Load   Length Selector   Space Scale
/tmp/xcXlHggOH.o
                idloc                            200000   200000        8        0       5
                config                           300000   300000        E        0       4
                init                                 B2       B2        4        4       0
                reset_vec                             0        0        6        0       0
dist/default/production/mbmc_modbus.X.production.o
                intcode                               8        8       AA        4       0
                idloc                            200000   200000        8        0       5
                config                           300000   300000        E        0       4
                temp                                 66       66        1        1       1
                mediumconst                        1DAE     1DAE      252      ED7       0
                text17                              62C      62C       76        4       0
                text15                              854      854       3A        4       0
                text14                              956      956       16      475       0
                text13                              940      940       16      475       0
                text12                              92A      92A       16      475       0
                text11                              814      814       40        4       0
                text10                              90C      90C       1E      475       0
                text9                               7D4      7D4       40        4       0
                text8                               6FA      6FA       52        4       0
                text7                               6A2      6A2       58        4       0
                text6                               792      792       42        4       0
                text5                               88E      88E       32        4       0
                text4                               8EA      8EA       22      475       0
                text3                                B6       B6      4D6        4       0
                text2                               976      976        4      475       0
                text1                               58C      58C       A0        4       0
                text0                               96C      96C        A      475       0
                cstackCOMRAM                         2A       2A       23        1       1
                bssBANK0                             80       80       40       80       1
                dataCOMRAM                            1        1       29        1       1
                bssCOMRAM                            4D       4D       19        1       1
                cinit                               74C      74C       46        4       0
                idataCOMRAM                         8C0      8C0       29        4       0

TOTAL           Name                               Link     Load   Length     Space
        CLASS   CODE           
                intcode                               8        8       AA         0
                init                                 B2       B2        4         0
                reset_vec                             0        0        6         0
                text17                              62C      62C       76         0
                text15                              854      854       3A         0
                text14                              956      956       16         0
                text13                              940      940       16         0
                text12                              92A      92A       16         0
                text11                              814      814       40         0
                text10                              90C      90C       1E         0
                text9                               7D4      7D4       40         0
                text8                               6FA      6FA       52         0
                text7                               6A2      6A2       58         0
                text6                               792      792       42         0
                text5                               88E      88E       32         0
                text4                               8EA      8EA       22         0
                text3                                B6       B6      4D6         0
                text2                               976      976        4         0
                text1                               58C      58C       A0         0
                text0                               96C      96C        A         0
                cinit                               74C      74C       46         0
                idataCOMRAM                         8C0      8C0       29         0

        CLASS   CONST          

        CLASS   SMALLCONST     

        CLASS   MEDIUMCONST    
                mediumconst                        1DAE     1DAE      252         0

        CLASS   COMRAM         
                temp                                 66       66        1         1
                cstackCOMRAM                         2A       2A       23         1
                dataCOMRAM                            1        1       29         1
                bssCOMRAM                            4D       4D       19         1

        CLASS   ABS1           

        CLASS   BIGRAM         

        CLASS   RAM            

        CLASS   BANK0          
                bssBANK0                             80       80       40         1

        CLASS   SFR            

        CLASS   BIGSFR         

        CLASS   CONFIG         
                config                           300000   300000        E         4

        CLASS   IDLOC          
                idloc                            200000   200000        8         5

        CLASS   EEDATA         

        CLASS   FARRAM         

        CLASS   HEAP           

        CLASS   STACK          



SEGMENTS        Name                           Load    Length   Top    Selector   Space  Class

                dataCOMRAM                     000001  000066  000067         1       1  COMRAM  
                reset_vec                      000000  000006  000006         0       0  CODE    
                text4                          0008EA  000090  00097A       475       0  CODE    
                bssBANK0                       000080  000040  0000C0        80       1  BANK0   
                intcode                        000008  0008E1  0008E9         4       0  CODE    
                mediumconst                    001DAE  000252  002000       ED7       0  MEDIUMCO


UNUSED ADDRESS RANGES

        Name                Unused          Largest block    Delta
        BANK0            0000C0-0000FF               40
        BIGRAM           000067-00007F               19
                         0000C0-0000FF               40
        BIGSFR           000F80-000FFF               80
        CODE             000006-000007                2
                         0008E9-0008E9                1
                         00097A-001DAD             1434
        COMRAM           000067-00007F               19
        CONST            000006-000007                2
                         0008E9-0008E9                1
                         00097A-001DAD             1434
        EEDATA           F00000-F000FF              100
        MEDIUMCONST      0008E9-0008E9                1
                         00097A-001DAD             1434
        RAM              0000C0-0000FF               40
        SFR              000F80-000FFF               80
        SMALLCONST       0008E9-0008E9                1
                         00097A-001DAD              100

                                  Symbol Table

?_crc16                            cstackCOMRAM 000032
?_get_10hz                         cstackCOMRAM 000032
?_get_500hz                        cstackCOMRAM 000032
?_modbus_rtu_send_msg              cstackCOMRAM 00003F
?_modbus_rtu_send_msg_crc          cstackCOMRAM 00003A
SetDCPWM1@DCycle                   cstackCOMRAM 000036
SetDCPWM1@dutycycle                cstackCOMRAM 000032
_ADCON1                            (abs)        000FC1
_BAUDCTLbits                       (abs)        000FAA
_CCP1CON                           (abs)        000FBD
_CCPR1L                            (abs)        000FBE
_INTCON2bits                       (abs)        000FF1
_INTCONbits                        (abs)        000FF2
_IPR1bits                          (abs)        000F9F
_LATAbits                          (abs)        000F89
_LATBbits                          (abs)        000F8A
_PIE1bits                          (abs)        000F9D
_PIR1bits                          (abs)        000F9E
_PR2                               (abs)        000FCB
_RCON                              (abs)        000FD0
_RCONbits                          (abs)        000FD0
_RCREG                             (abs)        000FAE
_RCSTA                             (abs)        000FAB
_RCSTAbits                         (abs)        000FAB
_SPBRG                             (abs)        000FAF
_SPBRGH                            (abs)        000FB0
_STKPTRbits                        (abs)        000FFC
_SetDCPWM1                         text15       000854
_T0CON                             (abs)        000FD5
_T1CON                             (abs)        000FCD
_T2CONbits                         (abs)        000FCA
_TMR0H                             (abs)        000FD7
_TMR0L                             (abs)        000FD6
_TMR1H                             (abs)        000FCF
_TMR1L                             (abs)        000FCE
_TRISA                             (abs)        000F92
_TRISB                             (abs)        000F93
_TXREG                             (abs)        000FAD
_TXSTA                             (abs)        000FAC
_TXSTAbits                         (abs)        000FAC
_V                                 dataCOMRAM   000001
__HRAM                             (abs)        000000
__Habs1                            abs1         000000
__Hbank0                           bank0        000000
__Hbigbss                          bigbss       000000
__Hbigdata                         bigdata      000000
__Hbigram                          bigram       000000
__Hbigsfr                          bigsfr       000000
__Hbss                             bss          000000
__HbssBANK0                        bssBANK0     000000
__HbssCOMRAM                       bssCOMRAM    000000
__Hcinit                           cinit        000000
__Hclrtext                         clrtext      000000
__Hcomram                          comram       000000
__Hconfig                          config       30000E
__Hconst                           const        000000
__HcstackCOMRAM                    cstackCOMRAM 000000
__Hdata                            data         000000
__HdataCOMRAM                      dataCOMRAM   000000
__Heeprom_data                     eeprom_data  000000
__Hfarbss                          farbss       000000
__Hfardata                         fardata      000000
__Hheap                            heap         000000
__Hibigdata                        ibigdata     000000
__Hidata                           idata        000000
__HidataCOMRAM                     idataCOMRAM  000000
__Hidloc                           idloc        200008
__Hifardata                        ifardata     000000
__Hinit                            init         0000B6
__Hintcode                         intcode      0000B2
__Hintcode_body                    intcode_body 000000
__Hintcodelo                       intcodelo    0000B2
__Hintentry                        intentry     000000
__Hintret                          intret       000000
__Hintsave_regs                    intsave_regs 000000
__Hirdata                          irdata       000000
__Hmediumconst                     mediumconst  002000
__HnvFARRAM                        nvFARRAM     000000
__Hnvbit                           nvbit        000000
__Hnvrram                          nvrram       000000
__Hparam                           rparam       000000
__Hpowerup                         powerup      0000B2
__Hram                             ram          000000
__Hramtop                          ramtop       000100
__Hrbit                            rbit         000000
__Hrbss                            rbss         000000
__Hrdata                           rdata        000000
__Hreset_vec                       reset_vec    000006
__Hrparam                          rparam       000000
__Hsfr                             sfr          000000
__Hsmallconst                      smallconst   000000
__Hspace_0                         (abs)        002000
__Hspace_1                         (abs)        0000C0
__Hspace_2                         (abs)        000000
__Hspace_4                         (abs)        60000E
__Hstack                           stack        000000
__Hstruct                          struct       000000
__Htemp                            temp         000067
__Htext                            text         000000
__Htext0                           text0        000000
__Htext1                           text1        000000
__Htext10                          text10       000000
__Htext11                          text11       000000
__Htext12                          text12       000000
__Htext13                          text13       000000
__Htext14                          text14       000000
__Htext15                          text15       000000
__Htext17                          text17       000000
__Htext2                           text2        000000
__Htext3                           text3        000000
__Htext4                           text4        000000
__Htext5                           text5        000000
__Htext6                           text6        000000
__Htext7                           text7        000000
__Htext8                           text8        000000
__Htext9                           text9        000000
__LRAM                             (abs)        000001
__Labs1                            abs1         000000
__Lbank0                           bank0        000000
__Lbigbss                          bigbss       000000
__Lbigdata                         bigdata      000000
__Lbigram                          bigram       000000
__Lbigsfr                          bigsfr       000000
__Lbss                             bss          000000
__LbssBANK0                        bssBANK0     000000
__LbssCOMRAM                       bssCOMRAM    000000
__Lcinit                           cinit        000000
__Lclrtext                         clrtext      000000
__Lcomram                          comram       000000
__Lconfig                          config       000000
__Lconst                           const        000000
__LcstackCOMRAM                    cstackCOMRAM 000000
__Ldata                            data         000000
__LdataCOMRAM                      dataCOMRAM   000000
__Leeprom_data                     eeprom_data  000000
__Lfarbss                          farbss       000000
__Lfardata                         fardata      000000
__Lheap                            heap         000000
__Libigdata                        ibigdata     000000
__Lidata                           idata        000000
__LidataCOMRAM                     idataCOMRAM  000000
__Lidloc                           idloc        000000
__Lifardata                        ifardata     000000
__Linit                            init         0000B2
__Lintcode                         intcode      000008
__Lintcode_body                    intcode_body 000000
__Lintcodelo                       intcodelo    0000B2
__Lintentry                        intentry     000000
__Lintret                          intret       000000
__Lintsave_regs                    intsave_regs 000000
__Lirdata                          irdata       000000
__Lmediumconst                     mediumconst  001DAE
__LnvFARRAM                        nvFARRAM     000000
__Lnvbit                           nvbit        000000
__Lnvrram                          nvrram       000000
__Lparam                           rparam       000000
__Lpowerup                         powerup      0000B2
__Lram                             ram          000000
__Lramtop                          ramtop       000100
__Lrbit                            rbit         000000
__Lrbss                            rbss         000000
__Lrdata                           rdata        000000
__Lreset_vec                       reset_vec    000000
__Lrparam                          rparam       000000
__Lsfr                             sfr          000000
__Lsmallconst                      smallconst   000000
__Lspace_0                         (abs)        000000
__Lspace_1                         (abs)        000000
__Lspace_2                         (abs)        000000
__Lspace_4                         (abs)        000000
__Lstack                           stack        000000
__Lstruct                          struct       000000
__Ltemp                            temp         000066
__Ltext                            text         000000
__Ltext0                           text0        000000
__Ltext1                           text1        000000
__Ltext10                          text10       000000
__Ltext11                          text11       000000
__Ltext12                          text12       000000
__Ltext13                          text13       000000
__Ltext14                          text14       000000
__Ltext15                          text15       000000
__Ltext17                          text17       000000
__Ltext2                           text2        000000
__Ltext3                           text3        000000
__Ltext4                           text4        000000
__Ltext5                           text5        000000
__Ltext6                           text6        000000
__Ltext7                           text7        000000
__Ltext8                           text8        000000
__Ltext9                           text9        000000
__S0                               (abs)        002000
__S1                               (abs)        0000C0
__S4                               (abs)        000000
__S5                               (abs)        000000
___heap_hi                         (abs)        000000
___heap_lo                         (abs)        000000
___inthi_sp                        stack        000000
___intlo_sp                        stack        000000
___param_bank                      (abs)        000000
___rparam_used                     (abs)        000001
___sp                              stack        000000
__accesstop                        (abs)        000080
__activetblptr                     (abs)        000002
__end_of_SetDCPWM1                 text15       00088E
__end_of__initialization           cinit        000784
__end_of_build_version             mediumconst  001FDE
__end_of_clear_10hz                text14       00096C
__end_of_clear_2hz                 text13       000956
__end_of_clear_500hz               text12       000940
__end_of_controller_work           text3        00058C
__end_of_crc16                     text7        0006FA
__end_of_get_10hz                  text11       000854
__end_of_get_2hz                   text10       00092A
__end_of_get_500hz                 text9        000814
__end_of_i400_clear                mediumconst  001FD9
__end_of_i400_error                mediumconst  001FC9
__end_of_i400_freset               mediumconst  001FD1
__end_of_i400_mode                 mediumconst  001FC0
__end_of_init_i400mon              text1        00062C
__end_of_init_stream_params        text2        00097A
__end_of_led_blink                 text17       0006A2
__end_of_main                      text0        000976
__end_of_memcpy                    text8        00074C
__end_of_modbus_cc_error           mediumconst  001FE4
__end_of_modbus_cc_mode            mediumconst  001FEA
__end_of_modbus_rtu_send_msg       text5        0008C0
__end_of_modbus_rtu_send_msg_crc   text6        0007D4
__end_of_set_led_blink             text4        00090C
__end_of_table_crc_hi              mediumconst  001FAF
__end_of_table_crc_lo              mediumconst  001EAF
__end_of_tm_handler                intcode      0000B2
__initialization                   cinit        00074C
__mediumconst                      mediumconst  001DAE
__pbssBANK0                        bssBANK0     000080
__pbssCOMRAM                       bssCOMRAM    00004D
__pcinit                           cinit        00074C
__pcstackCOMRAM                    cstackCOMRAM 00002A
__pdataCOMRAM                      dataCOMRAM   000001
__pidataCOMRAM                     idataCOMRAM  0008C0
__pintcode                         intcode      000008
__pmediumconst                     mediumconst  001DAE
__ptext0                           text0        00096C
__ptext1                           text1        00058C
__ptext10                          text10       00090C
__ptext11                          text11       000814
__ptext12                          text12       00092A
__ptext13                          text13       000940
__ptext14                          text14       000956
__ptext15                          text15       000854
__ptext17                          text17       00062C
__ptext2                           text2        000976
__ptext3                           text3        0000B6
__ptext4                           text4        0008EA
__ptext5                           text5        00088E
__ptext6                           text6        000792
__ptext7                           text7        0006A2
__ptext8                           text8        0006FA
__ptext9                           text9        0007D4
__ramtop                           ramtop       000100
__smallconst                       smallconst   000000
_build_date                        dataCOMRAM   000017
_build_time                        dataCOMRAM   000015
_build_version                     mediumconst  001FD9
_cc_buffer                         bssBANK0     000080
_cc_stream_file                    bssCOMRAM    000065
_clear_10hz                        text14       000956
_clear_2hz                         text13       000940
_clear_500hz                       text12       00092A
_controller_work                   text3        0000B6
_crc16                             text7        0006A2
_crc_error                         bssCOMRAM    000059
_get_10hz                          text11       000814
_get_2hz                           text10       00090C
_get_500hz                         text9        0007D4
_i400_power                        dataCOMRAM   000019
_i400_pwm                          dataCOMRAM   00001B
_init_i400mon                      text1        00058C
_init_stream_params                text2        000976
_led_blink                         text17       00062C
_main                              text0        00096C
_memcpy                            text8        0006FA
_modbus_cc_clear                   dataCOMRAM   000024
_modbus_cc_error                   mediumconst  001FDE
_modbus_cc_freset                  dataCOMRAM   00001E
_modbus_cc_mode                    mediumconst  001FE4
_modbus_rtu_send_msg               text5        00088E
_modbus_rtu_send_msg_crc           text6        000792
_req_length                        bssCOMRAM    00005F
_rvalue                            bssCOMRAM    00005D
_set_led_blink                     text4        0008EA
_table_crc_hi                      mediumconst  001EAF
_table_crc_lo                      mediumconst  001DAF
_tm_handler                        intcode      000008
btemp                              temp         000066
controller_work@c_crc              cstackCOMRAM 000049
controller_work@c_crc_rec          cstackCOMRAM 00004B
controller_work@cstate             bssCOMRAM    000063
controller_work@mcmd               bssCOMRAM    000064
controller_work@modbus_command     bssCOMRAM    000062
controller_work@temp               cstackCOMRAM 000046
controller_work@temp_727           cstackCOMRAM 000048
controller_work@volts              dataCOMRAM   00001D
crc16@buffer                       cstackCOMRAM 000032
crc16@buffer_length                cstackCOMRAM 000033
crc16@crc_hi                       cstackCOMRAM 000038
crc16@crc_lo                       cstackCOMRAM 000039
crc16@i                            cstackCOMRAM 000037
end_of_initialization              cinit        000784
get_10hz@mode                      cstackCOMRAM 000036
get_10hz@tmp                       bssCOMRAM    000051
get_2hz@mode                       cstackCOMRAM 000032
get_2hz@tmp                        bssCOMRAM    000055
get_500hz@mode                     cstackCOMRAM 000036
get_500hz@tmp                      bssCOMRAM    00004D
int$flags                          temp         000066
intlevel0                          text         000000
intlevel1                          text         000000
intlevel2                          text         000000
intlevel3                          text         000000
isa$std                            (abs)        000001
isa$xinst                          (abs)        000000
memcpy@d                           cstackCOMRAM 00003A
memcpy@d1                          cstackCOMRAM 000032
memcpy@n                           cstackCOMRAM 000035
memcpy@s                           cstackCOMRAM 000037
memcpy@s1                          cstackCOMRAM 000033
memcpy@tmp                         cstackCOMRAM 000039
modbus_rtu_send_msg@cc_buffer      cstackCOMRAM 00003F
modbus_rtu_send_msg@modbus_cc_mode cstackCOMRAM 000040
modbus_rtu_send_msg@req_length     cstackCOMRAM 000042
modbus_rtu_send_msg_crc@crc        cstackCOMRAM 00003D
modbus_rtu_send_msg_crc@req        cstackCOMRAM 00003A
modbus_rtu_send_msg_crc@req_length cstackCOMRAM 00003B
set_led_blink@blinks               cstackCOMRAM 000032
stackhi                            (abs)        000000
stacklo                            (abs)        000000
start                              init         0000B2
start_initialization               cinit        00074C
tm_handler@c_error                 bssCOMRAM    000061
ttemp5                             temp         000067
ttemp6                             temp         00006A
ttemp7                             temp         00006E
wtemp8                             temp         000067


MODULE INFORMATION

Module		Function		Class		Link	Load	Size
../ihc_vector.c
		_tm_handler    		CODE           	0008	0000	170
		_led_blink     		CODE           	062C	0000	118
		_clear_10hz    		CODE           	0956	0000	22
		_get_500hz     		CODE           	07D4	0000	64
		_get_2hz       		CODE           	090C	0000	30
		_clear_2hz     		CODE           	0940	0000	22
		_set_led_blink 		CODE           	08EA	0000	34
		_clear_500hz   		CODE           	092A	0000	22
		_get_10hz      		CODE           	0814	0000	64

../ihc_vector.c estimated size: 546

../ibsmon.c
		_main          		CODE           	096C	0000	10
		_init_i400mon  		CODE           	058C	0000	160
		_init_stream_params		CODE           	0976	0000	4
		_SetDCPWM1     		CODE           	0854	0000	58
		_controller_work		CODE           	00B6	0000	1238

../ibsmon.c estimated size: 1470

shared
		_i400_error    		MEDIUMCONST    	0000	0000	0
		_table_crc_hi  		MEDIUMCONST    	1EAF	0000	256
		_table_crc_lo  		MEDIUMCONST    	1DAF	0000	256
		_i400_clear    		MEDIUMCONST    	0000	0000	0
		_i400_freset   		MEDIUMCONST    	0000	0000	0
		__initialization		CODE           	074C	0000	56
		_build_version 		MEDIUMCONST    	1FD9	0000	5
		_modbus_cc_mode		MEDIUMCONST    	1FE4	0000	6
		_i400_mode     		MEDIUMCONST    	0000	0000	0
		_modbus_cc_error		MEDIUMCONST    	1FDE	0000	6

shared estimated size: 585

/opt/microchip/xc8/v2.35/pic/sources/c99/common/memcpy.c
		_memcpy        		CODE           	06FA	0000	82

/opt/microchip/xc8/v2.35/pic/sources/c99/common/memcpy.c estimated size: 82

../crc.c
		_modbus_rtu_send_msg_crc		CODE           	0792	0000	66
		_crc16         		CODE           	06A2	0000	88
		_modbus_rtu_send_msg		CODE           	088E	0000	50

../crc.c estimated size: 204

